Script started on Tue 17 Nov 2020 01:57:36 PM EST
[meg@centos246 ~]$ mkdir archive
mkdir: cannot create directory ‚Äòarchive‚Äô: File exists
[meg@centos246 ~]$ mkdir backup
[meg@centos246 ~]$ ls
[0m[01;34marchive[0m  [01;34mbackup[0m  [01;34mlab2repos[0m  message.txt  [01;34mrepos[0m
[meg@centos246 ~]$ cd /var/log
[meg@centos246 log]$ pwd
/var/log
[meg@centos246 log]$ tar cvf [C[C[C[C ~ / a r c h i v e / l o g . t a r [C * . l o g 
tar: /home/meg/archive/log.tar: Cannot open: Permission denied
tar: Error is not recoverable: exiting now
[meg@centos246 log]$ sudo tartar cvf ~/archive/log.tar *.log [1@s[1@u[1@d[1@o[1@ [C[C[C[C[C[C[C[C[C[1@m[1@e[1@g[C[C[C[C[C[C[C[C[C[C[C[C[C[C[C[C[C[C[C[C[C[C[C[C[C[C[C[C[C[C[C[C[C[C[C[C[C[C[C[C
[sudo] password for meg: 
boot.log
vboxadd-install.log
vboxadd-setup.log
yum.log
[meg@centos246 log]$ cd[K[Kcd ~/archive/
[meg@centos246 archive]$ ls
[0m[01;31mlog.tar[0m
[meg@centos246 archive]$ ls -l log.tar 
-rw-r--r--. 1 root root 61440 Nov 17 14:09 [0m[01;31mlog.tar[0m
[meg@centos246 archive]$ sudo chown meg log.tar 
[meg@centos246 archive]$ sudo chown meg log.tar [9Pls -l[C[C[C[C[C[C[C[C[C
-rw-r--r--. 1 meg root 61440 Nov 17 14:09 [0m[01;31mlog.tar[0m
[meg@centos246 archive]$ [H[J[meg@centos246 archive]$ tar[K[K[Kman tar
TAR(1)                                    User Commands                                    TAR(1)[m
[m
[1mNAME[0m[m
       tar - manual page for tar 1.26[m
[m
[1mSYNOPSIS[0m[m
       [1mtar[0m [[4mOPTION[24m...] [[4mFILE[24m]...[m
[m
[1mDESCRIPTION[0m[m
       GNU  `tar'  saves  many files together into a single tape or disk archive, and can restore[m
       individual files from the archive.[m
[m
       Note that this manual page contains just very brief description (or more like  a  list  of[m
       possible functionality) originally generated by the [1mhelp2man[0m utility.  The full documenta‚Äê[m
       tion for [1mtar[0m is maintained as a Texinfo manual.  If the [1minfo[0m and [1mtar[0m programs are properly[m
       installed at your site, the command [1m`info[0m [1mtar'[0m should give you access to the complete man‚Äê[m
       ual.[m
[m
[1mEXAMPLES[0m[m
       tar [1m-cf[0m archive.tar foo bar[m
              # Create archive.tar from files foo and bar.[m
[m
       tar [1m-tvf[0m archive.tar[m
              # List all files in archive.tar verbosely.[m
[m
       tar [1m-xf[0m archive.tar[m
              # Extract all files from archive.tar.[m
[m
[1mDEFAULTS[0m[m
       *This* tar installation defaults to:[m
[m
       [1m--format[0m=[4mgnu[24m   [1m-f-[0m   [1m-b20[0m   [1m--quoting-style[0m=[4mescape[24m   [1m--rmt-command=[0m/sbin/rmt    [1m--rsh-com‚Äê[0m[m
       [1mmand=[0m/usr/bin/rsh[m
[m
[1mMain[0m [1moperation[0m [1mmode:[0m[m
       [1m-A[0m, [1m--catenate[0m, [1m--concatenate[0m[m
[7m Manual page tar(1) line 1 (press h for help or q to quit)[27m[K[K[meg@centos246 archive]$ [H[J[meg@centos246 archive]$ tar -tvf log.tar 
-rw------- root/root      8113 2020-11-17 13:29 boot.log
-rw-r--r-- root/root       475 2020-11-05 14:45 vboxadd-install.log
-rw-r--r-- root/root        61 2020-11-17 13:30 vboxadd-setup.log
-rw------- root/root     43507 2020-11-17 13:48 yum.log
[meg@centos246 archive]$ tar -tf log.tar 
boot.log
vboxadd-install.log
vboxadd-setup.log
yum.log
[meg@centos246 archive]$ tar xf[Kvf tar[K[K[Klog.tar ~/[K[K../backup
tar: ../backup: Not found in archive
tar: Exiting with failure status due to previous errors
[meg@centos246 archive]$ cd ~/[K[K../backup
[meg@centos246 backup]$ pwd
/home/meg/backup
[meg@centos246 backup]$ tar xvf ~/archive/log.tar boot.log[K[K[K[K[K[K[K[K[K
boot.log
vboxadd-install.log
vboxadd-setup.log
yum.log
[meg@centos246 backup]$ ls
boot.log  vboxadd-install.log  vboxadd-setup.log  yum.log
[meg@centos246 backup]$ exit[K[K[K[Kexit

Script done on Tue 17 Nov 2020 02:18:35 PM EST
