Script started on Tue 17 Nov 2020 01:57:36 PM EST
[meg@centos246 ~]$ mkdir archive
mkdir: cannot create directory ‘archive’: File exists
[meg@centos246 ~]$ mkdir backup
[meg@centos246 ~]$ ls
archive	 backup	 lab2repos  message.txt	 repos
[meg@centos246 ~]$ cd /var/log
[meg@centos246 log]$ pwd
/var/log
[meg@centos246 log]$ tar ~/archive/log.tar*.log
tar: /home/meg/archive/log.tar: Cannot open: Permission denied
tar: Error is not recoverable: exiting now
[meg@centos246 log]$ tarocvfr~/archive/log.tar *.log
[sudo] password for meg:
boot.log
vboxadd-install.log
vboxadd-setup.log
yum.log
[meg@centos246 log]$ cd ~/archive/
[meg@centos246 archive]$ ls
log.tar
[meg@centos246 archive]$ ls -l log.tar
-rw-r--r--. 1 root root 61440 Nov 17 14:09 log.tar
[meg@centos246 archive]$ sudo chown meg log.tar
[meg@centos246 archive]$ lsd-lchown meg log.tar
-rw-r--r--. 1 meg root 61440 Nov 17 14:09 log.tar
[meg@centos246 archive]$ [meg@centos246 archive]$ man tar
TAR(1)					  User Commands					   TAR(1)

NAME
       tar - manual page for tar 1.26

SYNOPSIS
       tar [OPTION...] [FILE]...

DESCRIPTION
       GNU  `tar'  saves  many files together into a single tape or disk archive, and can restore
       individual files from the archive.

       Note that this manual page contains just very brief description (or more like  a	 list  of
       possible functionality) originally generated by the help2man utility.  The full documenta‐
       tion for tar is maintained as a Texinfo manual.	If the info and tar programs are properly
       installed at your site, the command `info tar' should give you access to the complete man‐
       ual.

EXAMPLES
       tar -cf archive.tar foo bar
	      # Create archive.tar from files foo and bar.

       tar -tvf archive.tar
	      # List all files in archive.tar verbosely.

       tar -xf archive.tar
	      # Extract all files from archive.tar.

DEFAULTS
       *This* tar installation defaults to:

       --format=gnu   -f-   -b20   --quoting-style=escape   --rmt-command=/sbin/rmt    --rsh-com‐
       mand=/usr/bin/rsh

Main operation mode:
       -A, --catenate, --concatenate
[meg@centos246aarchive]$ [meg@centos246 archive]$ tarq-tvf log.tar
-rw------- root/root	  8113 2020-11-17 13:29 boot.log
-rw-r--r-- root/root	   475 2020-11-05 14:45 vboxadd-install.log
-rw-r--r-- root/root	    61 2020-11-17 13:30 vboxadd-setup.log
-rw------- root/root	 43507 2020-11-17 13:48 yum.log
[meg@centos246 archive]$ tar -tf log.tar
boot.log
vboxadd-install.log
vboxadd-setup.log
yum.log
[meg@centos246 archive]$ tar xvf log.tar ../backup
tar: ../backup: Not found in archive
tar: Exiting with failure status due to previous errors
[meg@centos246 archive]$ cd ../backup
[meg@centos246 backup]$ pwd
/home/meg/backup
[meg@centos246 backup]$ tar xvf ~/archive/log.tar boot.log
boot.log
vboxadd-install.log
vboxadd-setup.log
yum.log
[meg@centos246 backup]$ ls
boot.log  vboxadd-install.log  vboxadd-setup.log  yum.log
[meg@centos246 backup]$ exit

Script done on Tue 17 Nov 2020 02:18:35 PM EST
